              _             
             (_)            
   __ _ _ __  _ _ __   __ _ 
  / _` | '_ \| | '_ \ / _` |
 | (_| | | | | | | | | (_| |
  \__, |_| |_|_|_| |_|\__,_|
   __/ |                    
  |___/                     

gnina v1.3.3 master:6fe1ce2   Built Jun 30 2026.
gnina is based on smina and AutoDock Vina.
Please cite appropriately.

Commandline: /usr/local/bin/gnina --receptor /mnt/nfs/CX900004_DS117/sbdd-project/references/stage5/docking/3REY/3REY_receptor.pdbqt --ligand /mnt/nfs/CX900004_DS117/sbdd-project/references/stage5/docking/3REY/3REY_XAC.pdbqt --cnn all_default_to_default_1_3_3 --cnn_scoring rescore --pose_sort_order CNNscore --center_x 49.535806 --center_y 23.214581 --center_z 34.764065 --size_x 20 --size_y 20 --size_z 20 --exhaustiveness 32 --seed 20260816 --num_modes 20 --min_rmsd_filter 1 --addH false --device 0 --out /mnt/nfs/CX900004_DS117/sbdd-project/references/stage5/docking/candidate4/3REY/3REY_XAC_poses.pdbqt --log /mnt/nfs/CX900004_DS117/sbdd-project/references/stage5/docking/candidate4/3REY/3REY_XAC_gnina.log
Using random seed: 20260816

mode |  affinity  |  intramol  |    CNN     |   CNN
     | (kcal/mol) | (kcal/mol) | pose score | affinity
-----+------------+------------+------------+----------
    1       -6.60       -0.87       0.5632      6.448
    2       -6.50       -0.60       0.5473      6.628
    3       -6.48       -0.67       0.5131      6.674
    4       -6.71       -0.43       0.4891      6.547
    5       -6.77       -0.67       0.4490      6.543
    6       -6.59       -0.88       0.4310      6.219
    7       -6.80       -0.24       0.3995      6.597
    8       -6.70       -0.91       0.3205      6.431
    9       -6.60       -0.72       0.3072      6.573
   10       -6.75       -0.84       0.3056      6.629
   11       -6.33       -0.72       0.3055      6.271
   12       -6.91       -0.29       0.3006      6.531
   13       -6.98        0.22       0.2930      6.679
   14       -6.63       -0.41       0.2716      6.392
   15       -6.75        0.82       0.2667      6.702
   16       -6.71       -0.21       0.2593      6.449
   17       -7.30       -0.63       0.2350      6.380
   18       -7.01       -0.09       0.2337      6.675
   19       -6.60       -0.18       0.2219      6.297
   20       -7.18       -0.59       0.1960      6.242
