            --------------------------------------------------------
                             AMBER SQM VERSION 19
 
                                     By
              Ross C. Walker, Michael F. Crowley, Scott Brozell,
                         Tim Giese, Andreas W. Goetz,
                        Tai-Sung Lee and David A. Case
 
            --------------------------------------------------------
 

--------------------------------------------------------------------------------
  QM CALCULATION INFO
--------------------------------------------------------------------------------

| QMMM: Citation for AMBER QMMM Run:
| QMMM: R.C. Walker, M.F. Crowley and D.A. Case, J. COMP. CHEM. 29:1019, 2008

QMMM: SINGLET STATE CALCULATION
QMMM: RHF CALCULATION, NO. OF DOUBLY OCCUPIED LEVELS = 83

| QMMM: *** Selected Hamiltonian *** 
| QMMM: AM1         

| QMMM: *** Parameter sets in use ***
| QMMM: C : M.J.S.DEWAR et al. JACS, 107, 3902, (1985)
| QMMM: N : M.J.S.DEWAR et al. JACS, 107, 3902, (1985)
| QMMM: O : M.J.S.DEWAR et al. JACS, 107, 3902, (1985)
| QMMM: H : M.J.S.DEWAR et al. JACS, 107, 3902, (1985)

| QMMM: *** SCF convergence criteria ***
| QMMM: Energy change                :  0.1D-09 kcal/mol
| QMMM: Error matrix |FP-PF|         :  0.1D+00 au
| QMMM: Density matrix change        :  0.5D-06
| QMMM: Maximum number of SCF cycles :     1000

| QMMM: *** Diagonalization Routine Information ***
| QMMM: Pseudo diagonalizations are allowed.
| QMMM: Auto diagonalization routine selection is in use.
| QMMM:
| QMMM: Timing diagonalization routines:
| QMMM:                              norbs =      153
| QMMM:    diag iterations used for timing =        5
| QMMM:
| QMMM:              Internal diag routine = 0.026183 seconds
| QMMM:                 Dspev diag routine = 0.018983 seconds
| QMMM:                Dspevd diag routine = 0.007043 seconds
| QMMM:                Dspevx diag routine = 0.062523 seconds
| QMMM:                 Dsyev diag routine = 0.016016 seconds
| QMMM:                Dsyevd diag routine = 0.006263 seconds
| QMMM:                Dsyevr diag routine = 0.010691 seconds
| QMMM:
| QMMM:                Pseudo diag routine = 0.012072 seconds
| QMMM: Pseudo diagonalization appears to be slower than regular
| QMMM: diagonalization. Setting pseudo_diag=0 for optimum performance.
| QMMM:
| QMMM: Using dsyevd routine (diag_routine=6).

  QMMM: QM Region Cartesian Coordinates (*=link atom) 
  QMMM: QM_NO.   MM_NO.  ATOM         X         Y         Z
  QMMM:     1        1      C       10.8340   -1.6610    0.0000
  QMMM:     2        2      N       12.3160   -1.4280    0.0000
  QMMM:     3        3      C        9.8920   -0.4940    0.0000
  QMMM:     4        4      N        8.4100   -0.7270    0.0000
  QMMM:     5        5      C        7.4670    0.4400    0.0000
  QMMM:     6        6      O        8.0070    1.8400    0.0000
  QMMM:     7        7      C        5.9860    0.2080    0.0000
  QMMM:     8        8      O        5.0430    1.3750    0.0000
  QMMM:     9        9      C        3.5610    1.1420    0.0000
  QMMM:    10       10      C        3.0220   -0.2580    0.0000
  QMMM:    11       11      C        2.6190    2.3090    0.0000
  QMMM:    12       12      C        1.5400   -0.4910    0.0000
  QMMM:    13       13      C        1.1370    2.0760    0.0000
  QMMM:    14       14      C        0.5980    0.6760    0.0000
  QMMM:    15       15      C       -0.8840    0.4440    0.0000
  QMMM:    16       16      N       -1.5670   -0.8920    0.0000
  QMMM:    17       17      N       -1.9440    1.5060    0.0000
  QMMM:    18       18      C       -3.0480   -0.6550    0.0000
  QMMM:    19       19      C       -3.2810    0.8260    0.0000
  QMMM:    20       20      N       -4.2150   -1.5980    0.0000
  QMMM:    21       21      C       -4.6810    1.3660    0.0000
  QMMM:    22       22      C       -5.6150   -1.0590    0.0000
  QMMM:    23       23      C       -3.9820   -3.0800    0.0000
  QMMM:    24       24      O       -4.9130    2.8480    0.0000
  QMMM:    25       25      N       -5.8480    0.4230    0.0000
  QMMM:    26       26      O       -6.7820   -2.0010    0.0000
  QMMM:    27       27      C       -5.1490   -4.0220    0.0000
  QMMM:    28       28      C       -7.2470    0.9630    0.0000
  QMMM:    29       29      C       -4.9170   -5.5040    0.0000
  QMMM:    30       30      C       -7.4800    2.4450    0.0000
  QMMM:    31       31      C       -8.8800    2.9840    0.0000
  QMMM:    32       32      H       10.4750   -2.5940    0.0000
  QMMM:    33       33      H        9.8460   -1.8160    0.0000
  QMMM:    34       34      H       12.4990   -0.4450    0.0000
  QMMM:    35       35      H       13.0130   -2.1450    0.0000
  QMMM:    36       36      H       13.2730   -1.1390    0.0000
  QMMM:    37       37      H       10.2510    0.4390    0.0000
  QMMM:    38       38      H       10.8800   -0.3390    0.0000
  QMMM:    39       39      H        8.0500   -1.6600    0.0000
  QMMM:    40       40      H        5.6260   -0.7260    0.0000
  QMMM:    41       41      H        4.9980    0.0520    0.0000
  QMMM:    42       42      H        3.6500   -1.0360    0.0000
  QMMM:    43       43      H        2.9780    3.2420    0.0000
  QMMM:    44       44      H        1.1810   -1.4240    0.0000
  QMMM:    45       45      H        0.5090    2.8540    0.0000
  QMMM:    46       46      H       -1.7860    2.4930    0.0000
  QMMM:    47       47      H       -3.0490   -3.4390    0.0000
  QMMM:    48       48      H       -4.9150   -2.7200    0.0000
  QMMM:    49       49      H       -6.0820   -3.6630    0.0000
  QMMM:    50       50      H       -4.2160   -4.3820    0.0000
  QMMM:    51       51      H       -8.0250    0.3340    0.0000
  QMMM:    52       52      H       -7.0920   -0.0250    0.0000
  QMMM:    53       53      H       -3.9330   -5.6870    0.0000
  QMMM:    54       54      H       -5.6340   -6.2010    0.0000
  QMMM:    55       55      H       -4.6270   -6.4610    0.0000
  QMMM:    56       56      H       -6.7020    3.0730    0.0000
  QMMM:    57       57      H       -7.6350    3.4320    0.0000
  QMMM:    58       58      H       -9.5300    2.2240    0.0000
  QMMM:    59       59      H       -9.1250    3.9530    0.0000
  QMMM:    60       60      H       -9.8530    3.2120    0.0000

--------------------------------------------------------------------------------
  RESULTS
--------------------------------------------------------------------------------

      iter         sqm energy              rms gradient
      ----    -------------------    -----------------------
xmin    10      711.8300 kcal/mol       35.8407 kcal/(mol*A)
xmin    20      266.3464 kcal/mol        2.8658 kcal/(mol*A)
xmin    30      232.5778 kcal/mol       10.3370 kcal/(mol*A)
xmin    40      201.6503 kcal/mol        1.5794 kcal/(mol*A)
xmin    50      200.7550 kcal/mol        0.2226 kcal/(mol*A)
xmin    60      200.6345 kcal/mol        0.2483 kcal/(mol*A)
xmin    70      200.1671 kcal/mol        0.3971 kcal/(mol*A)
xmin    80      199.9785 kcal/mol        0.3622 kcal/(mol*A)
xmin    90      199.7338 kcal/mol        0.1525 kcal/(mol*A)
xmin   100      199.7160 kcal/mol        0.1274 kcal/(mol*A)
xmin   110      199.5722 kcal/mol        0.1015 kcal/(mol*A)
xmin   120      199.4937 kcal/mol        0.1018 kcal/(mol*A)
xmin   130      199.0409 kcal/mol        0.3503 kcal/(mol*A)
xmin   140      198.8440 kcal/mol        0.3451 kcal/(mol*A)
xmin   150      198.7054 kcal/mol        0.3986 kcal/(mol*A)
xmin   160      198.4087 kcal/mol        0.3352 kcal/(mol*A)
xmin   170      198.1763 kcal/mol        0.4699 kcal/(mol*A)
xmin   180      197.7336 kcal/mol        0.3903 kcal/(mol*A)
xmin   190      197.5519 kcal/mol        0.5537 kcal/(mol*A)
xmin   200      197.2711 kcal/mol        0.8148 kcal/(mol*A)
xmin   210      196.7094 kcal/mol        0.5565 kcal/(mol*A)
xmin   220      195.8052 kcal/mol        0.5151 kcal/(mol*A)
xmin   230      193.5435 kcal/mol        0.5351 kcal/(mol*A)
xmin   240      193.3497 kcal/mol        0.1118 kcal/(mol*A)
xmin   250      193.2873 kcal/mol        0.1053 kcal/(mol*A)
xmin   260      193.1888 kcal/mol        0.1260 kcal/(mol*A)
xmin   270      193.1222 kcal/mol        0.0522 kcal/(mol*A)
xmin   280      193.1151 kcal/mol        0.0357 kcal/(mol*A)
xmin   290      193.0908 kcal/mol        0.0739 kcal/(mol*A)
xmin   300      193.0829 kcal/mol        0.0358 kcal/(mol*A)
xmin   310      193.0643 kcal/mol        0.0603 kcal/(mol*A)
xmin   320      193.0449 kcal/mol        0.0461 kcal/(mol*A)
xmin   330      193.0314 kcal/mol        0.0746 kcal/(mol*A)
xmin   340      193.0238 kcal/mol        0.0156 kcal/(mol*A)
xmin   350      193.0232 kcal/mol        0.0101 kcal/(mol*A)
xmin   360      193.0227 kcal/mol        0.0061 kcal/(mol*A)
xmin   370      193.0212 kcal/mol        0.0174 kcal/(mol*A)
xmin   380      193.0150 kcal/mol        0.0443 kcal/(mol*A)
xmin   390      193.0107 kcal/mol        0.0576 kcal/(mol*A)
xmin   400      193.0050 kcal/mol        0.0861 kcal/(mol*A)
xmin   410      193.0007 kcal/mol        0.0219 kcal/(mol*A)
xmin   420      192.9964 kcal/mol        0.0566 kcal/(mol*A)
xmin   430      192.9902 kcal/mol        0.0220 kcal/(mol*A)
xmin   440      192.9877 kcal/mol        0.0431 kcal/(mol*A)
xmin   450      192.9835 kcal/mol        0.0220 kcal/(mol*A)
xmin   460      192.9800 kcal/mol        0.0186 kcal/(mol*A)
xmin   470      192.9778 kcal/mol        0.0166 kcal/(mol*A)
xmin   480      192.9749 kcal/mol        0.0117 kcal/(mol*A)
xmin   490      192.9738 kcal/mol        0.0399 kcal/(mol*A)
xmin   500      192.9733 kcal/mol        0.0105 kcal/(mol*A)
xmin   510      192.9727 kcal/mol        0.0093 kcal/(mol*A)
xmin   520      192.9720 kcal/mol        0.0256 kcal/(mol*A)
xmin   530      192.9714 kcal/mol        0.0233 kcal/(mol*A)
xmin   540      192.9701 kcal/mol        0.0122 kcal/(mol*A)
xmin   550      192.9684 kcal/mol        0.0451 kcal/(mol*A)
xmin   560      192.9672 kcal/mol        0.0082 kcal/(mol*A)
xmin   570      192.9665 kcal/mol        0.0156 kcal/(mol*A)
xmin   580      192.9664 kcal/mol        0.0047 kcal/(mol*A)
xmin   590      192.9662 kcal/mol        0.0121 kcal/(mol*A)
xmin   600      192.9649 kcal/mol        0.0117 kcal/(mol*A)
xmin   610      192.9644 kcal/mol        0.0269 kcal/(mol*A)
xmin   620      192.9640 kcal/mol        0.0253 kcal/(mol*A)
xmin   630      192.9633 kcal/mol        0.0299 kcal/(mol*A)
xmin   640      192.9624 kcal/mol        0.0537 kcal/(mol*A)
xmin   650      192.9607 kcal/mol        0.0295 kcal/(mol*A)
xmin   660      192.9578 kcal/mol        0.0234 kcal/(mol*A)
xmin   670      192.9553 kcal/mol        0.0121 kcal/(mol*A)
xmin   680      192.9538 kcal/mol        0.0242 kcal/(mol*A)
xmin   690      192.9533 kcal/mol        0.0134 kcal/(mol*A)
xmin   700      192.9530 kcal/mol        0.0163 kcal/(mol*A)
xmin   710      192.9520 kcal/mol        0.0516 kcal/(mol*A)
xmin   720      192.9515 kcal/mol        0.0145 kcal/(mol*A)
xmin   730      192.9505 kcal/mol        0.0157 kcal/(mol*A)
xmin   740      192.9502 kcal/mol        0.0165 kcal/(mol*A)
xmin   750      192.9497 kcal/mol        0.0059 kcal/(mol*A)
xmin   760      192.9491 kcal/mol        0.0123 kcal/(mol*A)
xmin   770      192.9487 kcal/mol        0.0267 kcal/(mol*A)
xmin   780      192.9473 kcal/mol        0.0088 kcal/(mol*A)
xmin   790      192.9469 kcal/mol        0.0033 kcal/(mol*A)
xmin   800      192.9458 kcal/mol        0.0080 kcal/(mol*A)
xmin   810      192.9453 kcal/mol        0.0237 kcal/(mol*A)
xmin   820      192.9437 kcal/mol        0.0177 kcal/(mol*A)
xmin   830      192.9429 kcal/mol        0.0138 kcal/(mol*A)
xmin   840      192.9422 kcal/mol        0.0227 kcal/(mol*A)
xmin   850      192.9424 kcal/mol        0.0157 kcal/(mol*A)
xmin   860      192.9420 kcal/mol        0.0109 kcal/(mol*A)
xmin   870      192.9409 kcal/mol        0.0134 kcal/(mol*A)
xmin   880      192.9408 kcal/mol        0.0096 kcal/(mol*A)
xmin   890      192.9392 kcal/mol        0.0083 kcal/(mol*A)
xmin   900      192.9388 kcal/mol        0.0202 kcal/(mol*A)
xmin   910      192.9382 kcal/mol        0.0154 kcal/(mol*A)
xmin   920      192.9376 kcal/mol        0.0076 kcal/(mol*A)
xmin   930      192.9374 kcal/mol        0.0103 kcal/(mol*A)
xmin   940      192.9373 kcal/mol        0.0032 kcal/(mol*A)
xmin   950      192.9371 kcal/mol        0.0068 kcal/(mol*A)
xmin   960      192.9362 kcal/mol        0.0044 kcal/(mol*A)
xmin   970      192.9357 kcal/mol        0.0065 kcal/(mol*A)
xmin   980      192.9354 kcal/mol        0.0083 kcal/(mol*A)
xmin   990      192.9352 kcal/mol        0.0052 kcal/(mol*A)
xmin  1000      192.9350 kcal/mol        0.0160 kcal/(mol*A)
xmin  1010      192.9343 kcal/mol        0.0185 kcal/(mol*A)
xmin  1020      192.9336 kcal/mol        0.0158 kcal/(mol*A)
xmin  1030      192.9330 kcal/mol        0.0092 kcal/(mol*A)
xmin  1040      192.9329 kcal/mol        0.0061 kcal/(mol*A)
xmin  1050      192.9327 kcal/mol        0.0070 kcal/(mol*A)
xmin  1060      192.9326 kcal/mol        0.0066 kcal/(mol*A)
xmin  1070      192.9325 kcal/mol        0.0131 kcal/(mol*A)
xmin  1080      192.9325 kcal/mol        0.0116 kcal/(mol*A)
xmin  1090      192.9323 kcal/mol        0.0043 kcal/(mol*A)
xmin  1100      192.9322 kcal/mol        0.0032 kcal/(mol*A)
xmin  1110      192.9319 kcal/mol        0.0053 kcal/(mol*A)
xmin  1120      192.9315 kcal/mol        0.0100 kcal/(mol*A)
xmin  1130      192.9314 kcal/mol        0.0139 kcal/(mol*A)
xmin  1140      192.9311 kcal/mol        0.0057 kcal/(mol*A)
xmin  1150      192.9307 kcal/mol        0.0082 kcal/(mol*A)
xmin  1160      192.9305 kcal/mol        0.0056 kcal/(mol*A)
xmin  1170      192.9303 kcal/mol        0.0075 kcal/(mol*A)
xmin  1180      192.9300 kcal/mol        0.0069 kcal/(mol*A)
xmin  1190      192.9300 kcal/mol        0.0150 kcal/(mol*A)
xmin  1200      192.9298 kcal/mol        0.0093 kcal/(mol*A)
xmin  1210      192.9297 kcal/mol        0.0123 kcal/(mol*A)
xmin  1220      192.9296 kcal/mol        0.0027 kcal/(mol*A)
xmin  1230      192.9296 kcal/mol        0.0017 kcal/(mol*A)
xmin  1240      192.9296 kcal/mol        0.0034 kcal/(mol*A)
xmin  1250      192.9295 kcal/mol        0.0030 kcal/(mol*A)
xmin  1260      192.9294 kcal/mol        0.0029 kcal/(mol*A)
xmin  1270      192.9291 kcal/mol        0.0095 kcal/(mol*A)
xmin  1280      192.9290 kcal/mol        0.0062 kcal/(mol*A)
xmin  1290      192.9290 kcal/mol        0.0013 kcal/(mol*A)
xmin  1300      192.9289 kcal/mol        0.0084 kcal/(mol*A)
xmin  1310      192.9286 kcal/mol        0.0122 kcal/(mol*A)
xmin  1320      192.9275 kcal/mol        0.0247 kcal/(mol*A)
xmin  1330      192.9273 kcal/mol        0.0316 kcal/(mol*A)
xmin  1340      192.9261 kcal/mol        0.0038 kcal/(mol*A)
xmin  1350      192.9259 kcal/mol        0.0113 kcal/(mol*A)
xmin  1360      192.9258 kcal/mol        0.0031 kcal/(mol*A)
xmin  1370      192.9257 kcal/mol        0.0015 kcal/(mol*A)
xmin  1380      192.9257 kcal/mol        0.0039 kcal/(mol*A)
xmin  1390      192.9256 kcal/mol        0.0030 kcal/(mol*A)
xmin  1400      192.9252 kcal/mol        0.0120 kcal/(mol*A)
xmin  1410      192.9248 kcal/mol        0.0019 kcal/(mol*A)
xmin  1420      192.9245 kcal/mol        0.0061 kcal/(mol*A)
xmin  1430      192.9245 kcal/mol        0.0042 kcal/(mol*A)
xmin  1440      192.9243 kcal/mol        0.0023 kcal/(mol*A)
xmin  1450      192.9243 kcal/mol        0.0024 kcal/(mol*A)
xmin  1460      192.9243 kcal/mol        0.0055 kcal/(mol*A)
xmin  1470      192.9242 kcal/mol        0.0043 kcal/(mol*A)
xmin  1480      192.9239 kcal/mol        0.0065 kcal/(mol*A)
xmin  1490      192.9237 kcal/mol        0.0062 kcal/(mol*A)
xmin  1500      192.9235 kcal/mol        0.0128 kcal/(mol*A)
xmin  1510      192.9223 kcal/mol        0.0188 kcal/(mol*A)
xmin  1520      192.9209 kcal/mol        0.0265 kcal/(mol*A)
xmin  1530      192.9204 kcal/mol        0.0068 kcal/(mol*A)
xmin  1540      192.9202 kcal/mol        0.0036 kcal/(mol*A)
xmin  1550      192.9200 kcal/mol        0.0030 kcal/(mol*A)
xmin  1560      192.9200 kcal/mol        0.0025 kcal/(mol*A)
xmin  1570      192.9199 kcal/mol        0.0029 kcal/(mol*A)
xmin  1580      192.9198 kcal/mol        0.0087 kcal/(mol*A)
xmin  1590      192.9197 kcal/mol        0.0040 kcal/(mol*A)
xmin  1600      192.9195 kcal/mol        0.0051 kcal/(mol*A)
xmin  1610      192.9194 kcal/mol        0.0054 kcal/(mol*A)
xmin  1620      192.9193 kcal/mol        0.0032 kcal/(mol*A)
xmin  1630      192.9192 kcal/mol        0.0021 kcal/(mol*A)
xmin  1640      192.9191 kcal/mol        0.0059 kcal/(mol*A)
xmin  1650      192.9186 kcal/mol        0.0158 kcal/(mol*A)
xmin  1660      192.9180 kcal/mol        0.0080 kcal/(mol*A)
xmin  1670      192.9179 kcal/mol        0.0062 kcal/(mol*A)
xmin  1680      192.9175 kcal/mol        0.0172 kcal/(mol*A)
xmin  1690      192.9152 kcal/mol        0.0336 kcal/(mol*A)
xmin  1700      192.9148 kcal/mol        0.0139 kcal/(mol*A)
xmin  1710      192.9141 kcal/mol        0.0110 kcal/(mol*A)
xmin  1720      192.9139 kcal/mol        0.0036 kcal/(mol*A)
