warning: temp.mol2. Rewriting link.
'temp.mol2' -> 'XAC_CCD_neutral.0.mol2'
'temp.smi' -> 'XAC_CCD_neutral.0.smi'

Welcome to antechamber 22.0: molecular input file processor.

Info: acdoctor mode is on: check and diagnose problems in the input file.
Info: The atom type is set to sybyl; the options available to the -at flag are
      gaff, gaff2, amber, bcc, and sybyl.

-- Check Format for mol2 File --
   Status: pass
-- Check Unusual Elements --
   Status: pass
-- Check Open Valences --
   Status: pass
-- Check Geometry --
      for those bonded   
      for those not bonded   
   Status: pass
-- Check Weird Bonds --
   Status: pass
-- Check Number of Units --
   Status: pass
acdoctor mode has completed checking the input file.



Welcome to antechamber 22.0: molecular input file processor.

Info: acdoctor mode is on: check and diagnose problems in the input file.
Info: The atom type is set to gaff; the options available to the -at flag are
      gaff, gaff2, amber, bcc, and sybyl.

-- Check Format for mol2 File --
   Status: pass
-- Check Unusual Elements --
   Status: pass
-- Check Open Valences --
   Status: pass
-- Check Geometry --
      for those bonded   
      for those not bonded   
   Status: pass
-- Check Weird Bonds --
   Status: pass
-- Check Number of Units --
   Status: pass
acdoctor mode has completed checking the input file.


 running AMSOL7.1: SM5.42R (in water solvent) 
 running AMSOL7.1: SM5.42R (in hexane solvent) 
renamed '/mnt/nfs/CX900004_DS117/sbdd-project/references/stage5/dock385/3REY/xac_canonical_db2/neutral_ccd_amsol/temp_AtomTypesFixed.mol2' -> 'temp-working.mol2'
'temp-working.mol2' -> 'temp.mol2'
