 XAC_CCD_neutral.0 59                                                            
   1       C     0.61     4.19     7.71      85.65       0.66     4.85     16
   2       N    -0.52    -2.62     2.96    -633.50      -1.88    -4.50     16
   3       O    -0.52    -5.27    17.18     -11.26      -0.19    -5.46     16
   4       C     0.72     5.56     8.47     176.87       1.50     7.06     16
   5       N    -0.56    -3.42     2.87    -753.39      -2.16    -5.58     16
   6       O    -0.54    -6.31    15.84     -12.43      -0.20    -6.51     16
   7       C     0.35    -0.20     7.66     135.66       1.04     0.84     16
   8       N    -0.47    -1.16    11.34    -181.72      -2.06    -3.22     16
   9       O    -0.32     0.21    10.03    -115.88      -1.16    -0.95     16
  10       C     0.29     1.37     7.55     128.68       0.97     2.34     16
  11       N    -0.52     0.49     6.04    -180.10      -1.09    -0.60     16
  12       O    -0.59    -8.29    17.74     -10.14      -0.18    -8.47     16
  13       C    -0.14    -0.60     7.02      38.94       0.27    -0.33     16
  14       N    -0.69     3.68     5.34    -457.31      -2.44     1.23     16
  15       C     0.10     0.31     5.40      86.47       0.47     0.77     16
  16       N    -0.84     4.92     9.69    -187.11      -1.81     3.11     16
  17       C    -0.13    -0.25     6.19      31.04       0.19    -0.05     16
  18       C     0.12     0.16     5.60      86.59       0.49     0.64     16
  19       C    -0.13    -0.08     6.22      30.98       0.19     0.12     16
  20       C    -0.14     0.40    10.07      72.06       0.73     1.13     16
  21       C    -0.14     0.17    10.10      72.03       0.73     0.90     16
  22       C     0.14    -0.47     6.84      23.76       0.16    -0.31     16
  23       C    -0.19     1.32     9.47      23.75       0.22     1.54     16
  24       C    -0.02     0.12     9.84      23.69       0.23     0.35     16
  25       C    -0.09     0.35     5.96     -19.50      -0.12     0.23     16
  26       C    -0.05     0.29     9.86      23.72       0.23     0.53     16
  27       C    -0.16     0.59    10.06      23.60       0.24     0.83     16
  28       C     0.05    -0.29     5.61      72.05       0.40     0.11     16
  29       C     0.51     0.76     7.77      88.60       0.69     1.45     16
  30       C     0.11    -0.34     6.55      86.80       0.57     0.23     16
  31       C     0.05    -0.41     6.62      86.91       0.57     0.16     16
  32       H     0.45    -2.85     8.15     -90.40      -0.74    -3.59     16
  33       H     0.42    -5.84     8.02     -90.43      -0.72    -6.56     16
  34       H     0.11     0.23     7.56      -1.83      -0.01     0.21     16
  35       H     0.11     0.30     7.41      -1.85      -0.01     0.28     16
  36       H     0.35    -3.13     8.94     -90.43      -0.81    -3.94     16
  37       H     0.34    -2.52     8.90     -90.37      -0.80    -3.32     16
  38       H     0.06     0.22     8.22      -1.86      -0.02     0.20     16
  39       H     0.06     0.19     8.23      -1.84      -0.02     0.18     16
  40       H     0.11    -0.11     8.04      -1.87      -0.02    -0.12     16
  41       H     0.10     0.18     7.44      -1.87      -0.01     0.16     16
  42       H     0.05     0.17     8.23      -1.85      -0.02     0.16     16
  43       H     0.06     0.14     8.22      -1.88      -0.02     0.13     16
  44       H     0.06    -0.19     8.22      -1.87      -0.02    -0.20     16
  45       H     0.07    -0.30     8.22      -1.87      -0.02    -0.32     16
  46       H     0.06    -0.20     8.23      -1.82      -0.02    -0.21     16
  47       H     0.07    -0.13     8.22      -1.87      -0.02    -0.15     16
  48       H     0.07    -0.14     8.23      -1.84      -0.02    -0.16     16
  49       H     0.06    -0.09     8.23      -1.85      -0.02    -0.11     16
  50       H     0.16    -2.07     7.25      -2.92      -0.02    -2.09     16
  51       H     0.15    -0.99     7.78      -2.91      -0.02    -1.02     16
  52       H     0.15    -1.64     7.06      -2.91      -0.02    -1.66     16
  53       H     0.14    -0.64     8.06      -2.89      -0.02    -0.66     16
  54       H     0.13    -2.01     7.49      -1.84      -0.01    -2.03     16
  55       H     0.11    -0.92     8.21      -1.87      -0.02    -0.94     16
  56       H     0.06    -0.08     8.22      -1.85      -0.02    -0.10     16
  57       H     0.06     0.15     8.23      -1.83      -0.02     0.14     16
  58       H     0.06    -0.66     8.23      -1.85      -0.02    -0.68     16
  59       H     0.09    -0.77     8.23      -1.85      -0.02    -0.79     16
 Total:          0.00   -28.53   485.08                 -6.19   -34.72
