 XAC_CCD_neutral.0 59                                                            
   1       C     0.61     1.84     7.71     -12.67      -0.10     1.74     16
   2       N    -0.52    -1.13     2.96    -115.09      -0.34    -1.47     16
   3       O    -0.50    -2.33    17.18       3.26       0.06    -2.27     16
   4       C     0.72     2.39     8.47     -80.67      -0.68     1.70     16
   5       N    -0.56    -1.41     2.87    -116.38      -0.33    -1.74     16
   6       O    -0.52    -2.69    15.84       2.93       0.05    -2.64     16
   7       C     0.34     0.01     7.66    -153.56      -1.18    -1.17     16
   8       N    -0.46    -0.65    11.34      -8.79      -0.10    -0.75     16
   9       O    -0.29     0.01    10.03     -25.98      -0.26    -0.25     16
  10       C     0.30     0.66     7.55    -147.51      -1.11    -0.46     16
  11       N    -0.53     0.18     6.04      -8.28      -0.05     0.13     16
  12       O    -0.52    -3.15    17.74       3.57       0.06    -3.09     16
  13       C    -0.12    -0.25     7.02     -83.75      -0.59    -0.84     16
  14       N    -0.71     1.74     5.34     -58.61      -0.31     1.42     16
  15       C     0.10     0.11     5.40      -2.56      -0.01     0.09     16
  16       N    -0.83     2.32     9.69     -10.49      -0.10     2.22     16
  17       C    -0.14    -0.07     6.19     -26.04      -0.16    -0.23     16
  18       C     0.12     0.06     5.60      -3.32      -0.02     0.04     16
  19       C    -0.14    -0.01     6.22     -26.14      -0.16    -0.18     16
  20       C    -0.15     0.18    10.07      37.28       0.38     0.55     16
  21       C    -0.15     0.10    10.10      37.24       0.38     0.48     16
  22       C     0.14    -0.17     6.84     -37.29      -0.25    -0.42     16
  23       C    -0.19     0.49     9.47     -37.30      -0.35     0.14     16
  24       C    -0.02     0.04     9.84     -37.39      -0.37    -0.33     16
  25       C    -0.08     0.11     5.96    -104.07      -0.62    -0.51     16
  26       C    -0.06     0.14     9.86     -37.35      -0.37    -0.23     16
  27       C    -0.14     0.22    10.06     -37.53      -0.38    -0.15     16
  28       C     0.04    -0.11     5.61      37.27       0.21     0.10     16
  29       C     0.52     0.31     7.77     -10.09      -0.08     0.23     16
  30       C     0.11    -0.20     6.55      -4.16      -0.03    -0.23     16
  31       C     0.04    -0.16     6.62      -4.47      -0.03    -0.19     16
  32       H     0.44    -1.29     8.15     -39.65      -0.32    -1.62     16
  33       H     0.40    -2.39     8.02     -39.67      -0.32    -2.71     16
  34       H     0.10     0.06     7.56     -51.34      -0.39    -0.32     16
  35       H     0.10     0.09     7.41     -51.36      -0.38    -0.29     16
  36       H     0.35    -1.44     8.94     -39.67      -0.35    -1.79     16
  37       H     0.34    -1.26     8.90     -39.63      -0.35    -1.61     16
  38       H     0.07     0.09     8.22     -51.37      -0.42    -0.33     16
  39       H     0.07     0.08     8.23     -51.35      -0.42    -0.35     16
  40       H     0.10    -0.03     8.04     -51.38      -0.41    -0.45     16
  41       H     0.10     0.06     7.44     -51.38      -0.38    -0.33     16
  42       H     0.07     0.07     8.23     -51.36      -0.42    -0.35     16
  43       H     0.07     0.07     8.22     -51.39      -0.42    -0.35     16
  44       H     0.06    -0.08     8.22     -51.38      -0.42    -0.50     16
  45       H     0.06    -0.10     8.22     -51.38      -0.42    -0.52     16
  46       H     0.06    -0.08     8.23     -51.33      -0.42    -0.50     16
  47       H     0.06    -0.06     8.22     -51.38      -0.42    -0.48     16
  48       H     0.06    -0.06     8.23     -51.35      -0.42    -0.49     16
  49       H     0.06    -0.05     8.23     -51.36      -0.42    -0.47     16
  50       H     0.14    -0.66     7.25     -52.50      -0.38    -1.04     16
  51       H     0.15    -0.36     7.78     -52.49      -0.41    -0.77     16
  52       H     0.13    -0.63     7.06     -52.49      -0.37    -1.00     16
  53       H     0.14    -0.32     8.06     -52.47      -0.42    -0.74     16
  54       H     0.08    -0.53     7.49     -51.35      -0.38    -0.91     16
  55       H     0.10    -0.35     8.21     -51.38      -0.42    -0.77     16
  56       H     0.07    -0.08     8.22     -51.36      -0.42    -0.51     16
  57       H     0.08     0.03     8.23     -51.34      -0.42    -0.39     16
  58       H     0.03    -0.17     8.23     -51.36      -0.42    -0.59     16
  59       H     0.08    -0.32     8.23     -51.36      -0.42    -0.74     16
 Total:          0.00   -11.16   485.08                -10.77   -21.93
