   _______  _______ _________ _        _______ 
  (  ____ \(       )\__   __/( (    /|(  ___  )
  | (    \/| () () |   ) (   |  \  ( || (   ) |
  | (_____ | || || |   | |   |   \ | || (___) |
  (_____  )| |(_)| |   | |   | (\ \) ||  ___  |
        ) || |   | |   | |   | | \   || (   ) |
  /\____) || )   ( |___) (___| )  \  || )   ( |
  \_______)|/     \|\_______/|/    )_)|/     \|


smina is based off AutoDock Vina. Please cite appropriately.

Weights      Terms
-0.045       gauss(o=0,_w=0.8,_c=8)
0.8          repulsion(o=0,_c=8)
-0.035       hydrophobic(g=0,_b=2.5,_c=8)
-0.6         non_dir_h_bond(g=-0.6,_b=0,_c=8)
0            num_tors_div

Using random seed: 20260816

0%   10   20   30   40   50   60   70   80   90   100%
|----|----|----|----|----|----|----|----|----|----|
***************************************************

mode |   affinity | dist from best mode
     | (kcal/mol) | rmsd l.b.| rmsd u.b.
-----+------------+----------+----------
1       -8.5       0.000      0.000    
2       -8.3       5.609      6.928    
3       -8.2       6.440      8.040    
4       -8.0       5.891      7.562    
5       -7.8       5.838      7.295    
6       -7.8       6.826      8.950    
7       -7.8       6.946      9.604    
8       -7.8       6.089      7.541    
9       -7.7       6.028      7.435    
10      -7.7       7.101      9.331    
11      -7.6       6.677      12.190   
12      -7.5       5.641      7.141    
13      -7.3       4.170      11.458   
14      -7.2       4.400      11.159   
15      -7.2       5.648      11.840   
16      -7.2       3.532      11.432   
17      -7.2       6.336      11.644   
18      -7.2       6.524      11.911   
19      -7.1       7.890      12.868   
Refine time 33.476
Loop time 66.759
